// Jest Snapshot v1, https://goo.gl/fbAQLP

exports[`Component Options Api matches snapshot 1`] = `
<div
  data-v-app=""
>
  <section>
    <h1>
      Options API
    </h1>
    <button-component-stub
      id="button-2a"
    />
    <button-component-stub
      id="button-2b"
    />
  </section>
</div>
`;
