// Jest Snapshot v1, https://goo.gl/fbAQLP

exports[`App matches snapshot 1`] = `
<div
  data-v-app=""
>
  
  <component-composition-a-p-i-stub />
  <hr />
  <component-options-a-p-i-stub />
  <hr />
  <div>
    <button
      type="button"
    >
       Click 
    </button>
  </div>
  <code>
    {
  "appState": "loaded",
  "numberOfClicks": 0
} false false
  </code>
  
</div>
`;
